[2025-09-07 17:55:42,933: INFO/MainProcess] Task logistica.procesar_entrega[db431129-f1cd-43fb-869e-985442429b5c] received
[2025-09-07 17:55:42,935: WARNING/ForkPoolWorker-7] 🚚 [LOGISTICA] Procesando entrega 54 con estado PENDING_SYSTEM_CONFIRMATION (retry: 0)
[2025-09-07 17:55:43,269: WARNING/ForkPoolWorker-7] ⚠️ [LOGISTICA] Sistema no disponible para entrega 54
[2025-09-07 17:55:44,275: WARNING/ForkPoolWorker-7] 🔄 [LOGISTICA] Reintentando entrega 54 (intento 1/3)
[2025-09-07 17:55:44,287: INFO/MainProcess] Task logistica.procesar_entrega[73d43c61-7f17-458b-8801-d29ae517a1b4] received
[2025-09-07 17:55:44,289: WARNING/ForkPoolWorker-7] ✅ [LOGISTICA] Reintento enviado para entrega 54
[2025-09-07 17:55:44,293: INFO/ForkPoolWorker-7] Task logistica.procesar_entrega[db431129-f1cd-43fb-869e-985442429b5c] succeeded in 1.3589015009999912s: {'entrega_id': 54, 'status': 'PENDING_SYSTEM_CONFIRMATION', 'timestamp': '2025-09-07T17:55:43.270077', 'worker': 'logistica_worker', 'retry_count': 0, 'message': 'Sistema temporalmente no disponible, reintentando automáticamente...', 'retry_info': {'entrega_id': 54, 'status': 'RETRY_SUBMITTED', 'timestamp': '2025-09-07T17:55:44.292856', 'retry_count': 1, 'task_id': '73d43c61-7f17-458b-8801-d29ae517a1b4', 'original_response': {'message': 'Tarea de reintento enviada', 'entrega_id': 54, 'estado': 'reintento', 'retry_count': 1, 'timestamp': '2025-09-07T17:55:44.287042', 'task_id': '73d43c61-7f17-458b-8801-d29ae517a1b4', 'task_name': 'logistica.procesar_entrega', 'status': 'PENDING', 'queue': 'logistica', 'args': [...], 'kwargs': {...}}}}
[2025-09-07 17:55:44,295: WARNING/ForkPoolWorker-8] 🚚 [LOGISTICA] Procesando entrega 54 con estado ENTREGADA (retry: 1)
[2025-09-07 17:55:44,732: WARNING/ForkPoolWorker-8] ✅ [LOGISTICA] Entrega 54 procesada exitosamente
[2025-09-07 17:55:44,735: INFO/ForkPoolWorker-8] Task logistica.procesar_entrega[73d43c61-7f17-458b-8801-d29ae517a1b4] succeeded in 0.44393116700001656s: {'entrega_id': 54, 'status': 'ENTREGADA', 'timestamp': '2025-09-07T17:55:44.732783', 'worker': 'logistica_worker', 'retry_count': 1, 'detalles': {'validado': True, 'costo_calculado': 150.0, 'tiempo_estimado': '2-3 días hábiles'}}
[2025-09-07 18:07:56,924: INFO/MainProcess] Task logistica.procesar_entrega[21b9ad31-cb3b-420c-baec-455212456b3c] received
[2025-09-07 18:07:56,931: WARNING/ForkPoolWorker-7] 🚚 [LOGISTICA] Procesando entrega 55 con estado PENDING_SYSTEM_CONFIRMATION (retry: 0)
[2025-09-07 18:07:57,318: INFO/MainProcess] Task logistica.procesar_entrega[fa352c21-4197-466f-8f19-e468d9d41e7c] received
[2025-09-07 18:07:57,325: WARNING/ForkPoolWorker-8] 🚚 [LOGISTICA] Procesando entrega 56 con estado PENDING_SYSTEM_CONFIRMATION (retry: 0)
[2025-09-07 18:07:57,574: INFO/MainProcess] Task logistica.procesar_entrega[bfda1ebe-7aba-4402-b736-c5a88b402e6f] received
[2025-09-07 18:07:57,579: WARNING/ForkPoolWorker-1] 🚚 [LOGISTICA] Procesando entrega 57 con estado ENTREGADA (retry: 0)
[2025-09-07 18:07:57,689: WARNING/ForkPoolWorker-1] ✅ [LOGISTICA] Entrega 57 procesada exitosamente
[2025-09-07 18:07:57,691: INFO/ForkPoolWorker-1] Task logistica.procesar_entrega[bfda1ebe-7aba-4402-b736-c5a88b402e6f] succeeded in 0.11417229200014845s: {'entrega_id': 57, 'status': 'ENTREGADA', 'timestamp': '2025-09-07T18:07:57.689044', 'worker': 'logistica_worker', 'retry_count': 0, 'detalles': {'validado': True, 'costo_calculado': 150.0, 'tiempo_estimado': '2-3 días hábiles'}}
[2025-09-07 18:07:57,984: INFO/MainProcess] Task logistica.procesar_entrega[17d2e74a-6856-4c35-a016-5ca1c399c055] received
[2025-09-07 18:07:57,988: WARNING/ForkPoolWorker-1] 🚚 [LOGISTICA] Procesando entrega 58 con estado ENTREGADA (retry: 0)
[2025-09-07 18:07:58,241: INFO/MainProcess] Task logistica.procesar_entrega[7511e1a9-0324-4c49-815a-88b8b29affe3] received
[2025-09-07 18:07:58,245: WARNING/ForkPoolWorker-9] 🚚 [LOGISTICA] Procesando entrega 59 con estado PENDING_SYSTEM_CONFIRMATION (retry: 0)
[2025-09-07 18:07:58,409: WARNING/ForkPoolWorker-8] ⚠️ [LOGISTICA] Sistema no disponible para entrega 56
[2025-09-07 18:07:58,567: INFO/MainProcess] Task logistica.procesar_entrega[862af317-5086-4658-951e-090a8fb9faad] received
[2025-09-07 18:07:58,574: WARNING/ForkPoolWorker-2] 🚚 [LOGISTICA] Procesando entrega 60 con estado ENTREGADA (retry: 0)
[2025-09-07 18:07:58,627: WARNING/ForkPoolWorker-7] ⚠️ [LOGISTICA] Sistema no disponible para entrega 55
[2025-09-07 18:07:58,683: WARNING/ForkPoolWorker-9] ⚠️ [LOGISTICA] Sistema no disponible para entrega 59
[2025-09-07 18:07:58,885: INFO/MainProcess] Task logistica.procesar_entrega[b7e56bc8-1ea6-41b0-ac2a-609ed0c0660b] received
[2025-09-07 18:07:58,893: WARNING/ForkPoolWorker-10] 🚚 [LOGISTICA] Procesando entrega 61 con estado PENDING_SYSTEM_CONFIRMATION (retry: 0)
[2025-09-07 18:07:59,212: INFO/MainProcess] Task logistica.procesar_entrega[c3a12e71-e4f5-45d4-961d-dc40ec55e013] received
[2025-09-07 18:07:59,220: WARNING/ForkPoolWorker-3] 🚚 [LOGISTICA] Procesando entrega 62 con estado ENTREGADA (retry: 0)
[2025-09-07 18:07:59,411: WARNING/ForkPoolWorker-8] 🔄 [LOGISTICA] Reintentando entrega 56 (intento 1/3)
[2025-09-07 18:07:59,424: INFO/MainProcess] Task logistica.procesar_entrega[21402cf1-ba37-4394-9d8b-b8ac212248d5] received
[2025-09-07 18:07:59,426: WARNING/ForkPoolWorker-8] ✅ [LOGISTICA] Reintento enviado para entrega 56
[2025-09-07 18:07:59,428: INFO/ForkPoolWorker-8] Task logistica.procesar_entrega[fa352c21-4197-466f-8f19-e468d9d41e7c] succeeded in 2.1066140010000254s: {'entrega_id': 56, 'status': 'PENDING_SYSTEM_CONFIRMATION', 'timestamp': '2025-09-07T18:07:58.410201', 'worker': 'logistica_worker', 'retry_count': 0, 'message': 'Sistema temporalmente no disponible, reintentando automáticamente...', 'retry_info': {'entrega_id': 56, 'status': 'RETRY_SUBMITTED', 'timestamp': '2025-09-07T18:07:59.427356', 'retry_count': 1, 'task_id': '21402cf1-ba37-4394-9d8b-b8ac212248d5', 'original_response': {'message': 'Tarea de reintento enviada', 'entrega_id': 56, 'estado': 'reintento', 'retry_count': 1, 'timestamp': '2025-09-07T18:07:59.423961', 'task_id': '21402cf1-ba37-4394-9d8b-b8ac212248d5', 'task_name': 'logistica.procesar_entrega', 'status': 'PENDING', 'queue': 'logistica', 'args': [...], 'kwargs': {...}}}}
[2025-09-07 18:07:59,432: WARNING/ForkPoolWorker-4] 🚚 [LOGISTICA] Procesando entrega 56 con estado ENTREGADA (retry: 1)
[2025-09-07 18:07:59,457: INFO/MainProcess] Task logistica.procesar_entrega[17fab81a-53b0-471b-9d7f-c60df755b291] received
[2025-09-07 18:07:59,459: WARNING/ForkPoolWorker-8] 🚚 [LOGISTICA] Procesando entrega 63 con estado ENTREGADA (retry: 0)
[2025-09-07 18:07:59,461: WARNING/ForkPoolWorker-1] ✅ [LOGISTICA] Entrega 58 procesada exitosamente
[2025-09-07 18:07:59,462: INFO/ForkPoolWorker-1] Task logistica.procesar_entrega[17d2e74a-6856-4c35-a016-5ca1c399c055] succeeded in 1.4746958759999416s: {'entrega_id': 58, 'status': 'ENTREGADA', 'timestamp': '2025-09-07T18:07:59.461948', 'worker': 'logistica_worker', 'retry_count': 0, 'detalles': {'validado': True, 'costo_calculado': 150.0, 'tiempo_estimado': '2-3 días hábiles'}}
[2025-09-07 18:07:59,578: WARNING/ForkPoolWorker-10] ⚠️ [LOGISTICA] Sistema no disponible para entrega 61
[2025-09-07 18:07:59,593: WARNING/ForkPoolWorker-3] ✅ [LOGISTICA] Entrega 62 procesada exitosamente
[2025-09-07 18:07:59,594: INFO/ForkPoolWorker-3] Task logistica.procesar_entrega[c3a12e71-e4f5-45d4-961d-dc40ec55e013] succeeded in 0.3781546249999792s: {'entrega_id': 62, 'status': 'ENTREGADA', 'timestamp': '2025-09-07T18:07:59.593765', 'worker': 'logistica_worker', 'retry_count': 0, 'detalles': {'validado': True, 'costo_calculado': 150.0, 'tiempo_estimado': '2-3 días hábiles'}}
[2025-09-07 18:07:59,618: INFO/MainProcess] Task logistica.procesar_entrega[11359a8c-9cda-46fc-8709-c7a0e7cc4839] received
[2025-09-07 18:07:59,619: WARNING/ForkPoolWorker-1] 🚚 [LOGISTICA] Procesando entrega 64 con estado PENDING_SYSTEM_CONFIRMATION (retry: 0)
[2025-09-07 18:07:59,629: WARNING/ForkPoolWorker-7] 🔄 [LOGISTICA] Reintentando entrega 55 (intento 1/3)
[2025-09-07 18:07:59,633: INFO/MainProcess] Task logistica.procesar_entrega[7643699f-31cc-44f3-a7e8-3011707a443b] received
[2025-09-07 18:07:59,633: WARNING/ForkPoolWorker-7] ✅ [LOGISTICA] Reintento enviado para entrega 55
[2025-09-07 18:07:59,634: WARNING/ForkPoolWorker-3] 🚚 [LOGISTICA] Procesando entrega 55 con estado ENTREGADA (retry: 1)
[2025-09-07 18:07:59,634: INFO/ForkPoolWorker-7] Task logistica.procesar_entrega[21b9ad31-cb3b-420c-baec-455212456b3c] succeeded in 2.7056753350000236s: {'entrega_id': 55, 'status': 'PENDING_SYSTEM_CONFIRMATION', 'timestamp': '2025-09-07T18:07:58.628024', 'worker': 'logistica_worker', 'retry_count': 0, 'message': 'Sistema temporalmente no disponible, reintentando automáticamente...', 'retry_info': {'entrega_id': 55, 'status': 'RETRY_SUBMITTED', 'timestamp': '2025-09-07T18:07:59.634116', 'retry_count': 1, 'task_id': '7643699f-31cc-44f3-a7e8-3011707a443b', 'original_response': {'message': 'Tarea de reintento enviada', 'entrega_id': 55, 'estado': 'reintento', 'retry_count': 1, 'timestamp': '2025-09-07T18:07:59.632913', 'task_id': '7643699f-31cc-44f3-a7e8-3011707a443b', 'task_name': 'logistica.procesar_entrega', 'status': 'PENDING', 'queue': 'logistica', 'args': [...], 'kwargs': {...}}}}
[2025-09-07 18:07:59,689: WARNING/ForkPoolWorker-9] 🔄 [LOGISTICA] Reintentando entrega 59 (intento 1/3)
[2025-09-07 18:07:59,695: INFO/MainProcess] Task logistica.procesar_entrega[1cb18d2f-147c-46ee-bf4d-9d65a694edac] received
[2025-09-07 18:07:59,696: WARNING/ForkPoolWorker-9] ✅ [LOGISTICA] Reintento enviado para entrega 59
[2025-09-07 18:07:59,696: WARNING/ForkPoolWorker-7] 🚚 [LOGISTICA] Procesando entrega 59 con estado ENTREGADA (retry: 1)
[2025-09-07 18:07:59,697: INFO/ForkPoolWorker-9] Task logistica.procesar_entrega[7511e1a9-0324-4c49-815a-88b8b29affe3] succeeded in 1.453323624999939s: {'entrega_id': 59, 'status': 'PENDING_SYSTEM_CONFIRMATION', 'timestamp': '2025-09-07T18:07:58.684543', 'worker': 'logistica_worker', 'retry_count': 0, 'message': 'Sistema temporalmente no disponible, reintentando automáticamente...', 'retry_info': {'entrega_id': 59, 'status': 'RETRY_SUBMITTED', 'timestamp': '2025-09-07T18:07:59.696497', 'retry_count': 1, 'task_id': '1cb18d2f-147c-46ee-bf4d-9d65a694edac', 'original_response': {'message': 'Tarea de reintento enviada', 'entrega_id': 59, 'estado': 'reintento', 'retry_count': 1, 'timestamp': '2025-09-07T18:07:59.695074', 'task_id': '1cb18d2f-147c-46ee-bf4d-9d65a694edac', 'task_name': 'logistica.procesar_entrega', 'status': 'PENDING', 'queue': 'logistica', 'args': [...], 'kwargs': {...}}}}
[2025-09-07 18:07:59,793: INFO/MainProcess] Task logistica.procesar_entrega[f2c3c2c7-9bfa-452c-a749-f138e69017cc] received
[2025-09-07 18:07:59,794: WARNING/ForkPoolWorker-9] 🚚 [LOGISTICA] Procesando entrega 65 con estado ENTREGADA (retry: 0)
[2025-09-07 18:07:59,936: INFO/MainProcess] Task logistica.procesar_entrega[7ad3e2a7-36ea-43e4-b909-c03a65cc9fa0] received
[2025-09-07 18:07:59,945: WARNING/ForkPoolWorker-5] 🚚 [LOGISTICA] Procesando entrega 66 con estado PENDING_SYSTEM_CONFIRMATION (retry: 0)
[2025-09-07 18:08:00,082: WARNING/ForkPoolWorker-2] ✅ [LOGISTICA] Entrega 60 procesada exitosamente
[2025-09-07 18:08:00,084: INFO/ForkPoolWorker-2] Task logistica.procesar_entrega[862af317-5086-4658-951e-090a8fb9faad] succeeded in 1.5133588339999733s: {'entrega_id': 60, 'status': 'ENTREGADA', 'timestamp': '2025-09-07T18:08:00.082065', 'worker': 'logistica_worker', 'retry_count': 0, 'detalles': {'validado': True, 'costo_calculado': 150.0, 'tiempo_estimado': '2-3 días hábiles'}}
[2025-09-07 18:08:00,084: INFO/MainProcess] Task logistica.procesar_entrega[11eb8a57-fde8-4990-89a7-cbc37d4fd767] received
[2025-09-07 18:08:00,086: WARNING/ForkPoolWorker-2] 🚚 [LOGISTICA] Procesando entrega 67 con estado ENTREGADA (retry: 0)
[2025-09-07 18:08:00,198: INFO/MainProcess] Task logistica.procesar_entrega[18b1a979-8143-4950-a86f-e76414f8a3ca] received
[2025-09-07 18:08:00,205: WARNING/ForkPoolWorker-6] 🚚 [LOGISTICA] Procesando entrega 68 con estado PENDING_SYSTEM_CONFIRMATION (retry: 0)
[2025-09-07 18:08:00,301: WARNING/ForkPoolWorker-3] ✅ [LOGISTICA] Entrega 55 procesada exitosamente
[2025-09-07 18:08:00,304: INFO/ForkPoolWorker-3] Task logistica.procesar_entrega[7643699f-31cc-44f3-a7e8-3011707a443b] succeeded in 0.6703682079998998s: {'entrega_id': 55, 'status': 'ENTREGADA', 'timestamp': '2025-09-07T18:08:00.301853', 'worker': 'logistica_worker', 'retry_count': 1, 'detalles': {'validado': True, 'costo_calculado': 150.0, 'tiempo_estimado': '2-3 días hábiles'}}
[2025-09-07 18:08:00,325: INFO/MainProcess] Task logistica.procesar_entrega[d67db673-a20f-41ee-b7ba-663b97eafe3a] received
[2025-09-07 18:08:00,326: WARNING/ForkPoolWorker-3] 🚚 [LOGISTICA] Procesando entrega 69 con estado PENDING_SYSTEM_CONFIRMATION (retry: 0)
[2025-09-07 18:08:00,334: WARNING/ForkPoolWorker-4] ✅ [LOGISTICA] Entrega 56 procesada exitosamente
[2025-09-07 18:08:00,335: INFO/ForkPoolWorker-4] Task logistica.procesar_entrega[21402cf1-ba37-4394-9d8b-b8ac212248d5] succeeded in 0.9065057919999617s: {'entrega_id': 56, 'status': 'ENTREGADA', 'timestamp': '2025-09-07T18:08:00.334410', 'worker': 'logistica_worker', 'retry_count': 1, 'detalles': {'validado': True, 'costo_calculado': 150.0, 'tiempo_estimado': '2-3 días hábiles'}}
[2025-09-07 18:08:00,392: WARNING/ForkPoolWorker-5] ⚠️ [LOGISTICA] Sistema no disponible para entrega 66
[2025-09-07 18:08:00,431: WARNING/ForkPoolWorker-8] ✅ [LOGISTICA] Entrega 63 procesada exitosamente
[2025-09-07 18:08:00,433: INFO/ForkPoolWorker-8] Task logistica.procesar_entrega[17fab81a-53b0-471b-9d7f-c60df755b291] succeeded in 0.974451917000124s: {'entrega_id': 63, 'status': 'ENTREGADA', 'timestamp': '2025-09-07T18:08:00.430860', 'worker': 'logistica_worker', 'retry_count': 0, 'detalles': {'validado': True, 'costo_calculado': 150.0, 'tiempo_estimado': '2-3 días hábiles'}}
[2025-09-07 18:08:00,468: INFO/MainProcess] Task logistica.procesar_entrega[59530eb4-e7e4-4ff2-8375-39045c2d6da7] received
[2025-09-07 18:08:00,471: WARNING/ForkPoolWorker-8] 🚚 [LOGISTICA] Procesando entrega 70 con estado PENDING_SYSTEM_CONFIRMATION (retry: 0)
[2025-09-07 18:08:00,579: WARNING/ForkPoolWorker-10] 🔄 [LOGISTICA] Reintentando entrega 61 (intento 1/3)
[2025-09-07 18:08:00,582: INFO/MainProcess] Task logistica.procesar_entrega[af08ecf1-2572-424e-b59c-dacaffafd69d] received
[2025-09-07 18:08:00,584: WARNING/ForkPoolWorker-4] 🚚 [LOGISTICA] Procesando entrega 71 con estado ENTREGADA (retry: 0)
[2025-09-07 18:08:00,588: WARNING/ForkPoolWorker-10] ✅ [LOGISTICA] Reintento enviado para entrega 61
[2025-09-07 18:08:00,589: INFO/ForkPoolWorker-10] Task logistica.procesar_entrega[b7e56bc8-1ea6-41b0-ac2a-609ed0c0660b] succeeded in 1.6991361259999849s: {'entrega_id': 61, 'status': 'PENDING_SYSTEM_CONFIRMATION', 'timestamp': '2025-09-07T18:07:59.579118', 'worker': 'logistica_worker', 'retry_count': 0, 'message': 'Sistema temporalmente no disponible, reintentando automáticamente...', 'retry_info': {'entrega_id': 61, 'status': 'RETRY_SUBMITTED', 'timestamp': '2025-09-07T18:08:00.588314', 'retry_count': 1, 'task_id': '8f0d5817-4a36-438a-93f3-ac54c5431fb6', 'original_response': {'message': 'Tarea de reintento enviada', 'entrega_id': 61, 'estado': 'reintento', 'retry_count': 1, 'timestamp': '2025-09-07T18:08:00.586894', 'task_id': '8f0d5817-4a36-438a-93f3-ac54c5431fb6', 'task_name': 'logistica.procesar_entrega', 'status': 'PENDING', 'queue': 'logistica', 'args': [...], 'kwargs': {...}}}}
[2025-09-07 18:08:00,590: INFO/MainProcess] Task logistica.procesar_entrega[8f0d5817-4a36-438a-93f3-ac54c5431fb6] received
[2025-09-07 18:08:00,591: WARNING/ForkPoolWorker-10] 🚚 [LOGISTICA] Procesando entrega 61 con estado ENTREGADA (retry: 1)
[2025-09-07 18:08:00,693: WARNING/ForkPoolWorker-2] ✅ [LOGISTICA] Entrega 67 procesada exitosamente
[2025-09-07 18:08:00,694: INFO/ForkPoolWorker-2] Task logistica.procesar_entrega[11eb8a57-fde8-4990-89a7-cbc37d4fd767] succeeded in 0.6076374169999781s: {'entrega_id': 67, 'status': 'ENTREGADA', 'timestamp': '2025-09-07T18:08:00.693079', 'worker': 'logistica_worker', 'retry_count': 0, 'detalles': {'validado': True, 'costo_calculado': 150.0, 'tiempo_estimado': '2-3 días hábiles'}}
[2025-09-07 18:08:00,705: INFO/MainProcess] Task logistica.procesar_entrega[90ec1d8e-d63a-499b-b6e3-33cf9de800c0] received
[2025-09-07 18:08:00,706: WARNING/ForkPoolWorker-2] 🚚 [LOGISTICA] Procesando entrega 72 con estado ENTREGADA (retry: 0)
[2025-09-07 18:08:00,787: WARNING/ForkPoolWorker-1] ⚠️ [LOGISTICA] Sistema no disponible para entrega 64
[2025-09-07 18:08:00,831: WARNING/ForkPoolWorker-6] ⚠️ [LOGISTICA] Sistema no disponible para entrega 68
[2025-09-07 18:08:01,162: WARNING/ForkPoolWorker-4] ✅ [LOGISTICA] Entrega 71 procesada exitosamente
[2025-09-07 18:08:01,164: INFO/ForkPoolWorker-4] Task logistica.procesar_entrega[af08ecf1-2572-424e-b59c-dacaffafd69d] succeeded in 0.5808913749999647s: {'entrega_id': 71, 'status': 'ENTREGADA', 'timestamp': '2025-09-07T18:08:01.162725', 'worker': 'logistica_worker', 'retry_count': 0, 'detalles': {'validado': True, 'costo_calculado': 150.0, 'tiempo_estimado': '2-3 días hábiles'}}
[2025-09-07 18:08:01,167: INFO/MainProcess] Task logistica.procesar_entrega[c7102193-5178-4280-b89e-410f62eb7f79] received
[2025-09-07 18:08:01,169: WARNING/ForkPoolWorker-4] 🚚 [LOGISTICA] Procesando entrega 73 con estado ENTREGADA (retry: 0)
[2025-09-07 18:08:01,270: WARNING/ForkPoolWorker-9] ✅ [LOGISTICA] Entrega 65 procesada exitosamente
[2025-09-07 18:08:01,271: INFO/ForkPoolWorker-9] Task logistica.procesar_entrega[f2c3c2c7-9bfa-452c-a749-f138e69017cc] succeeded in 1.4776155009999457s: {'entrega_id': 65, 'status': 'ENTREGADA', 'timestamp': '2025-09-07T18:08:01.270436', 'worker': 'logistica_worker', 'retry_count': 0, 'detalles': {'validado': True, 'costo_calculado': 150.0, 'tiempo_estimado': '2-3 días hábiles'}}
[2025-09-07 18:08:01,272: INFO/MainProcess] Task logistica.procesar_entrega[bac62ea8-1cf3-47f8-8ec6-da4ad94c9205] received
[2025-09-07 18:08:01,273: WARNING/ForkPoolWorker-9] 🚚 [LOGISTICA] Procesando entrega 74 con estado ENTREGADA (retry: 0)
[2025-09-07 18:08:01,359: WARNING/ForkPoolWorker-7] ✅ [LOGISTICA] Entrega 59 procesada exitosamente
[2025-09-07 18:08:01,361: INFO/ForkPoolWorker-7] Task logistica.procesar_entrega[1cb18d2f-147c-46ee-bf4d-9d65a694edac] succeeded in 1.6654632929999025s: {'entrega_id': 59, 'status': 'ENTREGADA', 'timestamp': '2025-09-07T18:08:01.359360', 'worker': 'logistica_worker', 'retry_count': 1, 'detalles': {'validado': True, 'costo_calculado': 150.0, 'tiempo_estimado': '2-3 días hábiles'}}
[2025-09-07 18:08:01,365: INFO/MainProcess] Task logistica.procesar_entrega[56a92029-fd1c-455b-a7a3-260dcb94e983] received
[2025-09-07 18:08:01,368: WARNING/ForkPoolWorker-7] 🚚 [LOGISTICA] Procesando entrega 75 con estado PENDING_SYSTEM_CONFIRMATION (retry: 0)
[2025-09-07 18:08:01,386: WARNING/ForkPoolWorker-3] ⚠️ [LOGISTICA] Sistema no disponible para entrega 69
[2025-09-07 18:08:01,394: WARNING/ForkPoolWorker-5] 🔄 [LOGISTICA] Reintentando entrega 66 (intento 1/3)
[2025-09-07 18:08:01,411: WARNING/ForkPoolWorker-5] ✅ [LOGISTICA] Reintento enviado para entrega 66
[2025-09-07 18:08:01,412: INFO/ForkPoolWorker-5] Task logistica.procesar_entrega[7ad3e2a7-36ea-43e4-b909-c03a65cc9fa0] succeeded in 1.4703096670000377s: {'entrega_id': 66, 'status': 'PENDING_SYSTEM_CONFIRMATION', 'timestamp': '2025-09-07T18:08:00.392707', 'worker': 'logistica_worker', 'retry_count': 0, 'message': 'Sistema temporalmente no disponible, reintentando automáticamente...', 'retry_info': {'entrega_id': 66, 'status': 'RETRY_SUBMITTED', 'timestamp': '2025-09-07T18:08:01.411908', 'retry_count': 1, 'task_id': '7a2ada96-24fb-4ab9-9b4b-2fc6cd366b68', 'original_response': {'message': 'Tarea de reintento enviada', 'entrega_id': 66, 'estado': 'reintento', 'retry_count': 1, 'timestamp': '2025-09-07T18:08:01.410001', 'task_id': '7a2ada96-24fb-4ab9-9b4b-2fc6cd366b68', 'task_name': 'logistica.procesar_entrega', 'status': 'PENDING', 'queue': 'logistica', 'args': [...], 'kwargs': {...}}}}
[2025-09-07 18:08:01,413: INFO/MainProcess] Task logistica.procesar_entrega[6d9a1ddf-01c9-43b8-a4a5-0aa317a57415] received
[2025-09-07 18:08:01,414: WARNING/ForkPoolWorker-5] 🚚 [LOGISTICA] Procesando entrega 76 con estado PENDING_SYSTEM_CONFIRMATION (retry: 0)
[2025-09-07 18:08:01,638: WARNING/ForkPoolWorker-5] ⚠️ [LOGISTICA] Sistema no disponible para entrega 76
[2025-09-07 18:08:01,713: WARNING/ForkPoolWorker-10] ✅ [LOGISTICA] Entrega 61 procesada exitosamente
[2025-09-07 18:08:01,714: INFO/ForkPoolWorker-10] Task logistica.procesar_entrega[8f0d5817-4a36-438a-93f3-ac54c5431fb6] succeeded in 1.1231475839999803s: {'entrega_id': 61, 'status': 'ENTREGADA', 'timestamp': '2025-09-07T18:08:01.713066', 'worker': 'logistica_worker', 'retry_count': 1, 'detalles': {'validado': True, 'costo_calculado': 150.0, 'tiempo_estimado': '2-3 días hábiles'}}
[2025-09-07 18:08:01,715: INFO/MainProcess] Task logistica.procesar_entrega[946f4122-db9c-4afd-8feb-dbe25caea6ec] received
[2025-09-07 18:08:01,717: WARNING/ForkPoolWorker-10] 🚚 [LOGISTICA] Procesando entrega 77 con estado ENTREGADA (retry: 0)
[2025-09-07 18:08:01,791: WARNING/ForkPoolWorker-1] 🔄 [LOGISTICA] Reintentando entrega 64 (intento 1/3)
[2025-09-07 18:08:01,801: WARNING/ForkPoolWorker-1] ✅ [LOGISTICA] Reintento enviado para entrega 64
[2025-09-07 18:08:01,802: INFO/ForkPoolWorker-1] Task logistica.procesar_entrega[11359a8c-9cda-46fc-8709-c7a0e7cc4839] succeeded in 2.1832251680000354s: {'entrega_id': 64, 'status': 'PENDING_SYSTEM_CONFIRMATION', 'timestamp': '2025-09-07T18:08:00.788722', 'worker': 'logistica_worker', 'retry_count': 0, 'message': 'Sistema temporalmente no disponible, reintentando automáticamente...', 'retry_info': {'entrega_id': 64, 'status': 'RETRY_SUBMITTED', 'timestamp': '2025-09-07T18:08:01.801568', 'retry_count': 1, 'task_id': 'b06ce802-e487-477d-9215-8cf2db05a636', 'original_response': {'message': 'Tarea de reintento enviada', 'entrega_id': 64, 'estado': 'reintento', 'retry_count': 1, 'timestamp': '2025-09-07T18:08:01.799552', 'task_id': 'b06ce802-e487-477d-9215-8cf2db05a636', 'task_name': 'logistica.procesar_entrega', 'status': 'PENDING', 'queue': 'logistica', 'args': [...], 'kwargs': {...}}}}
[2025-09-07 18:08:01,803: INFO/MainProcess] Task logistica.procesar_entrega[7a2ada96-24fb-4ab9-9b4b-2fc6cd366b68] received
[2025-09-07 18:08:01,804: WARNING/ForkPoolWorker-1] 🚚 [LOGISTICA] Procesando entrega 66 con estado ENTREGADA (retry: 1)
[2025-09-07 18:08:01,837: WARNING/ForkPoolWorker-6] 🔄 [LOGISTICA] Reintentando entrega 68 (intento 1/3)
[2025-09-07 18:08:01,846: WARNING/ForkPoolWorker-6] ✅ [LOGISTICA] Reintento enviado para entrega 68
[2025-09-07 18:08:01,847: INFO/ForkPoolWorker-6] Task logistica.procesar_entrega[18b1a979-8143-4950-a86f-e76414f8a3ca] succeeded in 1.6448113339999964s: {'entrega_id': 68, 'status': 'PENDING_SYSTEM_CONFIRMATION', 'timestamp': '2025-09-07T18:08:00.832504', 'worker': 'logistica_worker', 'retry_count': 0, 'message': 'Sistema temporalmente no disponible, reintentando automáticamente...', 'retry_info': {'entrega_id': 68, 'status': 'RETRY_SUBMITTED', 'timestamp': '2025-09-07T18:08:01.846490', 'retry_count': 1, 'task_id': 'b6cb7954-6801-4f74-9bd4-321635f1972f', 'original_response': {'message': 'Tarea de reintento enviada', 'entrega_id': 68, 'estado': 'reintento', 'retry_count': 1, 'timestamp': '2025-09-07T18:08:01.844673', 'task_id': 'b6cb7954-6801-4f74-9bd4-321635f1972f', 'task_name': 'logistica.procesar_entrega', 'status': 'PENDING', 'queue': 'logistica', 'args': [...], 'kwargs': {...}}}}
[2025-09-07 18:08:01,848: INFO/MainProcess] Task logistica.procesar_entrega[aa6857f7-de48-4292-aae8-c2f554a7d6c4] received
[2025-09-07 18:08:01,849: WARNING/ForkPoolWorker-6] 🚚 [LOGISTICA] Procesando entrega 78 con estado PENDING_SYSTEM_CONFIRMATION (retry: 0)
[2025-09-07 18:08:01,913: WARNING/ForkPoolWorker-8] ⚠️ [LOGISTICA] Sistema no disponible para entrega 70
[2025-09-07 18:08:02,210: WARNING/ForkPoolWorker-2] ✅ [LOGISTICA] Entrega 72 procesada exitosamente
[2025-09-07 18:08:02,212: INFO/ForkPoolWorker-2] Task logistica.procesar_entrega[90ec1d8e-d63a-499b-b6e3-33cf9de800c0] succeeded in 1.5066900419999456s: {'entrega_id': 72, 'status': 'ENTREGADA', 'timestamp': '2025-09-07T18:08:02.210835', 'worker': 'logistica_worker', 'retry_count': 0, 'detalles': {'validado': True, 'costo_calculado': 150.0, 'tiempo_estimado': '2-3 días hábiles'}}
[2025-09-07 18:08:02,216: INFO/MainProcess] Task logistica.procesar_entrega[c4ce1bef-96c9-4c3c-939e-ad65ba7f1cd3] received
[2025-09-07 18:08:02,218: WARNING/ForkPoolWorker-2] 🚚 [LOGISTICA] Procesando entrega 79 con estado PENDING_SYSTEM_CONFIRMATION (retry: 0)
[2025-09-07 18:08:02,392: WARNING/ForkPoolWorker-3] 🔄 [LOGISTICA] Reintentando entrega 69 (intento 1/3)
[2025-09-07 18:08:02,397: WARNING/ForkPoolWorker-6] ⚠️ [LOGISTICA] Sistema no disponible para entrega 78
[2025-09-07 18:08:02,406: WARNING/ForkPoolWorker-3] ✅ [LOGISTICA] Reintento enviado para entrega 69
[2025-09-07 18:08:02,407: INFO/ForkPoolWorker-3] Task logistica.procesar_entrega[d67db673-a20f-41ee-b7ba-663b97eafe3a] succeeded in 2.081632376000016s: {'entrega_id': 69, 'status': 'PENDING_SYSTEM_CONFIRMATION', 'timestamp': '2025-09-07T18:08:01.386439', 'worker': 'logistica_worker', 'retry_count': 0, 'message': 'Sistema temporalmente no disponible, reintentando automáticamente...', 'retry_info': {'entrega_id': 69, 'status': 'RETRY_SUBMITTED', 'timestamp': '2025-09-07T18:08:02.407055', 'retry_count': 1, 'task_id': '77904b2e-9a72-4811-bdd0-dc7b60d81ffe', 'original_response': {'message': 'Tarea de reintento enviada', 'entrega_id': 69, 'estado': 'reintento', 'retry_count': 1, 'timestamp': '2025-09-07T18:08:02.404083', 'task_id': '77904b2e-9a72-4811-bdd0-dc7b60d81ffe', 'task_name': 'logistica.procesar_entrega', 'status': 'PENDING', 'queue': 'logistica', 'args': [...], 'kwargs': {...}}}}
[2025-09-07 18:08:02,409: INFO/MainProcess] Task logistica.procesar_entrega[eb974452-854b-47c1-8460-d3b9626ae82a] received
[2025-09-07 18:08:02,411: WARNING/ForkPoolWorker-3] 🚚 [LOGISTICA] Procesando entrega 80 con estado PENDING_SYSTEM_CONFIRMATION (retry: 0)
[2025-09-07 18:08:02,422: WARNING/ForkPoolWorker-2] ⚠️ [LOGISTICA] Sistema no disponible para entrega 79
[2025-09-07 18:08:02,634: WARNING/ForkPoolWorker-7] ⚠️ [LOGISTICA] Sistema no disponible para entrega 75
[2025-09-07 18:08:02,642: WARNING/ForkPoolWorker-5] 🔄 [LOGISTICA] Reintentando entrega 76 (intento 1/3)
[2025-09-07 18:08:02,651: WARNING/ForkPoolWorker-5] ✅ [LOGISTICA] Reintento enviado para entrega 76
[2025-09-07 18:08:02,652: INFO/ForkPoolWorker-5] Task logistica.procesar_entrega[6d9a1ddf-01c9-43b8-a4a5-0aa317a57415] succeeded in 1.2382742090001102s: {'entrega_id': 76, 'status': 'PENDING_SYSTEM_CONFIRMATION', 'timestamp': '2025-09-07T18:08:01.638794', 'worker': 'logistica_worker', 'retry_count': 0, 'message': 'Sistema temporalmente no disponible, reintentando automáticamente...', 'retry_info': {'entrega_id': 76, 'status': 'RETRY_SUBMITTED', 'timestamp': '2025-09-07T18:08:02.651837', 'retry_count': 1, 'task_id': 'd92ae31a-3113-4c61-806b-8584b446662c', 'original_response': {'message': 'Tarea de reintento enviada', 'entrega_id': 76, 'estado': 'reintento', 'retry_count': 1, 'timestamp': '2025-09-07T18:08:02.650628', 'task_id': 'd92ae31a-3113-4c61-806b-8584b446662c', 'task_name': 'logistica.procesar_entrega', 'status': 'PENDING', 'queue': 'logistica', 'args': [...], 'kwargs': {...}}}}
[2025-09-07 18:08:02,654: INFO/MainProcess] Task logistica.procesar_entrega[b06ce802-e487-477d-9215-8cf2db05a636] received
[2025-09-07 18:08:02,655: WARNING/ForkPoolWorker-5] 🚚 [LOGISTICA] Procesando entrega 64 con estado ENTREGADA (retry: 1)
[2025-09-07 18:08:02,707: WARNING/ForkPoolWorker-4] ✅ [LOGISTICA] Entrega 73 procesada exitosamente
[2025-09-07 18:08:02,708: INFO/ForkPoolWorker-4] Task logistica.procesar_entrega[c7102193-5178-4280-b89e-410f62eb7f79] succeeded in 1.539386334000028s: {'entrega_id': 73, 'status': 'ENTREGADA', 'timestamp': '2025-09-07T18:08:02.707764', 'worker': 'logistica_worker', 'retry_count': 0, 'detalles': {'validado': True, 'costo_calculado': 150.0, 'tiempo_estimado': '2-3 días hábiles'}}
[2025-09-07 18:08:02,709: INFO/MainProcess] Task logistica.procesar_entrega[b6cb7954-6801-4f74-9bd4-321635f1972f] received
[2025-09-07 18:08:02,710: WARNING/ForkPoolWorker-4] 🚚 [LOGISTICA] Procesando entrega 68 con estado ENTREGADA (retry: 1)
[2025-09-07 18:08:02,914: WARNING/ForkPoolWorker-8] 🔄 [LOGISTICA] Reintentando entrega 70 (intento 1/3)
[2025-09-07 18:08:02,923: WARNING/ForkPoolWorker-3] ⚠️ [LOGISTICA] Sistema no disponible para entrega 80
[2025-09-07 18:08:02,927: WARNING/ForkPoolWorker-8] ✅ [LOGISTICA] Reintento enviado para entrega 70
[2025-09-07 18:08:02,929: INFO/ForkPoolWorker-8] Task logistica.procesar_entrega[59530eb4-e7e4-4ff2-8375-39045c2d6da7] succeeded in 2.458251377000124s: {'entrega_id': 70, 'status': 'PENDING_SYSTEM_CONFIRMATION', 'timestamp': '2025-09-07T18:08:01.913992', 'worker': 'logistica_worker', 'retry_count': 0, 'message': 'Sistema temporalmente no disponible, reintentando automáticamente...', 'retry_info': {'entrega_id': 70, 'status': 'RETRY_SUBMITTED', 'timestamp': '2025-09-07T18:08:02.928117', 'retry_count': 1, 'task_id': 'dcbcfd56-f26f-4d17-97fe-5b24e410cb79', 'original_response': {'message': 'Tarea de reintento enviada', 'entrega_id': 70, 'estado': 'reintento', 'retry_count': 1, 'timestamp': '2025-09-07T18:08:02.925619', 'task_id': 'dcbcfd56-f26f-4d17-97fe-5b24e410cb79', 'task_name': 'logistica.procesar_entrega', 'status': 'PENDING', 'queue': 'logistica', 'args': [...], 'kwargs': {...}}}}
[2025-09-07 18:08:02,931: INFO/MainProcess] Task logistica.procesar_entrega[012955da-6a71-4aa8-80e1-d5b4192386b9] received
[2025-09-07 18:08:02,933: WARNING/ForkPoolWorker-8] 🚚 [LOGISTICA] Procesando entrega 81 con estado ENTREGADA (retry: 0)
[2025-09-07 18:08:03,024: WARNING/ForkPoolWorker-4] ✅ [LOGISTICA] Entrega 68 procesada exitosamente
[2025-09-07 18:08:03,026: INFO/ForkPoolWorker-4] Task logistica.procesar_entrega[b6cb7954-6801-4f74-9bd4-321635f1972f] succeeded in 0.3156682080000337s: {'entrega_id': 68, 'status': 'ENTREGADA', 'timestamp': '2025-09-07T18:08:03.024027', 'worker': 'logistica_worker', 'retry_count': 1, 'detalles': {'validado': True, 'costo_calculado': 150.0, 'tiempo_estimado': '2-3 días hábiles'}}
[2025-09-07 18:08:03,028: INFO/MainProcess] Task logistica.procesar_entrega[9778a39b-ad8f-456a-ab8c-03b2ab8aa869] received
[2025-09-07 18:08:03,030: WARNING/ForkPoolWorker-4] 🚚 [LOGISTICA] Procesando entrega 82 con estado PENDING_SYSTEM_CONFIRMATION (retry: 0)
[2025-09-07 18:08:03,092: WARNING/ForkPoolWorker-10] ✅ [LOGISTICA] Entrega 77 procesada exitosamente
[2025-09-07 18:08:03,094: INFO/ForkPoolWorker-10] Task logistica.procesar_entrega[946f4122-db9c-4afd-8feb-dbe25caea6ec] succeeded in 1.3778867510000055s: {'entrega_id': 77, 'status': 'ENTREGADA', 'timestamp': '2025-09-07T18:08:03.091923', 'worker': 'logistica_worker', 'retry_count': 0, 'detalles': {'validado': True, 'costo_calculado': 150.0, 'tiempo_estimado': '2-3 días hábiles'}}
[2025-09-07 18:08:03,097: INFO/MainProcess] Task logistica.procesar_entrega[4d77d5a6-e4ca-4620-8b75-fcb4e4ac101f] received
[2025-09-07 18:08:03,099: WARNING/ForkPoolWorker-10] 🚚 [LOGISTICA] Procesando entrega 83 con estado PENDING_SYSTEM_CONFIRMATION (retry: 0)
[2025-09-07 18:08:03,241: WARNING/ForkPoolWorker-1] ✅ [LOGISTICA] Entrega 66 procesada exitosamente
[2025-09-07 18:08:03,243: INFO/ForkPoolWorker-1] Task logistica.procesar_entrega[7a2ada96-24fb-4ab9-9b4b-2fc6cd366b68] succeeded in 1.4390451669999038s: {'entrega_id': 66, 'status': 'ENTREGADA', 'timestamp': '2025-09-07T18:08:03.240911', 'worker': 'logistica_worker', 'retry_count': 1, 'detalles': {'validado': True, 'costo_calculado': 150.0, 'tiempo_estimado': '2-3 días hábiles'}}
[2025-09-07 18:08:03,243: WARNING/ForkPoolWorker-9] ✅ [LOGISTICA] Entrega 74 procesada exitosamente
[2025-09-07 18:08:03,245: INFO/ForkPoolWorker-9] Task logistica.procesar_entrega[bac62ea8-1cf3-47f8-8ec6-da4ad94c9205] succeeded in 1.9723004170000422s: {'entrega_id': 74, 'status': 'ENTREGADA', 'timestamp': '2025-09-07T18:08:03.243917', 'worker': 'logistica_worker', 'retry_count': 0, 'detalles': {'validado': True, 'costo_calculado': 150.0, 'tiempo_estimado': '2-3 días hábiles'}}
[2025-09-07 18:08:03,246: INFO/MainProcess] Task logistica.procesar_entrega[77904b2e-9a72-4811-bdd0-dc7b60d81ffe] received
[2025-09-07 18:08:03,249: WARNING/ForkPoolWorker-1] 🚚 [LOGISTICA] Procesando entrega 69 con estado ENTREGADA (retry: 1)
[2025-09-07 18:08:03,249: INFO/MainProcess] Task logistica.procesar_entrega[d1467c30-c905-49bb-897b-de102a6ec458] received
[2025-09-07 18:08:03,250: WARNING/ForkPoolWorker-9] 🚚 [LOGISTICA] Procesando entrega 84 con estado ENTREGADA (retry: 0)
[2025-09-07 18:08:03,329: WARNING/ForkPoolWorker-10] ⚠️ [LOGISTICA] Sistema no disponible para entrega 83
[2025-09-07 18:08:03,403: WARNING/ForkPoolWorker-6] 🔄 [LOGISTICA] Reintentando entrega 78 (intento 1/3)
[2025-09-07 18:08:03,418: WARNING/ForkPoolWorker-6] ✅ [LOGISTICA] Reintento enviado para entrega 78
[2025-09-07 18:08:03,420: INFO/ForkPoolWorker-6] Task logistica.procesar_entrega[aa6857f7-de48-4292-aae8-c2f554a7d6c4] succeeded in 1.5709199180000724s: {'entrega_id': 78, 'status': 'PENDING_SYSTEM_CONFIRMATION', 'timestamp': '2025-09-07T18:08:02.398392', 'worker': 'logistica_worker', 'retry_count': 0, 'message': 'Sistema temporalmente no disponible, reintentando automáticamente...', 'retry_info': {'entrega_id': 78, 'status': 'RETRY_SUBMITTED', 'timestamp': '2025-09-07T18:08:03.419051', 'retry_count': 1, 'task_id': '259c6dcc-ba1d-4be8-bf0d-6c9943ee0b7c', 'original_response': {'message': 'Tarea de reintento enviada', 'entrega_id': 78, 'estado': 'reintento', 'retry_count': 1, 'timestamp': '2025-09-07T18:08:03.416657', 'task_id': '259c6dcc-ba1d-4be8-bf0d-6c9943ee0b7c', 'task_name': 'logistica.procesar_entrega', 'status': 'PENDING', 'queue': 'logistica', 'args': [...], 'kwargs': {...}}}}
[2025-09-07 18:08:03,423: WARNING/ForkPoolWorker-2] 🔄 [LOGISTICA] Reintentando entrega 79 (intento 1/3)
[2025-09-07 18:08:03,423: INFO/MainProcess] Task logistica.procesar_entrega[2e65c7d6-8a72-4063-9b91-7aa9b42cc7ed] received
[2025-09-07 18:08:03,426: WARNING/ForkPoolWorker-6] 🚚 [LOGISTICA] Procesando entrega 85 con estado PENDING_SYSTEM_CONFIRMATION (retry: 0)
[2025-09-07 18:08:03,435: WARNING/ForkPoolWorker-2] ✅ [LOGISTICA] Reintento enviado para entrega 79
[2025-09-07 18:08:03,436: INFO/ForkPoolWorker-2] Task logistica.procesar_entrega[c4ce1bef-96c9-4c3c-939e-ad65ba7f1cd3] succeeded in 1.2189146670000355s: {'entrega_id': 79, 'status': 'PENDING_SYSTEM_CONFIRMATION', 'timestamp': '2025-09-07T18:08:02.422527', 'worker': 'logistica_worker', 'retry_count': 0, 'message': 'Sistema temporalmente no disponible, reintentando automáticamente...', 'retry_info': {'entrega_id': 79, 'status': 'RETRY_SUBMITTED', 'timestamp': '2025-09-07T18:08:03.435845', 'retry_count': 1, 'task_id': 'b5cbd6cf-bad5-43df-ac2b-c545235d7a9e', 'original_response': {'message': 'Tarea de reintento enviada', 'entrega_id': 79, 'estado': 'reintento', 'retry_count': 1, 'timestamp': '2025-09-07T18:08:03.434379', 'task_id': 'b5cbd6cf-bad5-43df-ac2b-c545235d7a9e', 'task_name': 'logistica.procesar_entrega', 'status': 'PENDING', 'queue': 'logistica', 'args': [...], 'kwargs': {...}}}}
[2025-09-07 18:08:03,437: INFO/MainProcess] Task logistica.procesar_entrega[d92ae31a-3113-4c61-806b-8584b446662c] received
[2025-09-07 18:08:03,438: WARNING/ForkPoolWorker-2] 🚚 [LOGISTICA] Procesando entrega 76 con estado ENTREGADA (retry: 1)
[2025-09-07 18:08:03,486: WARNING/ForkPoolWorker-2] ✅ [LOGISTICA] Entrega 76 procesada exitosamente
[2025-09-07 18:08:03,486: INFO/ForkPoolWorker-2] Task logistica.procesar_entrega[d92ae31a-3113-4c61-806b-8584b446662c] succeeded in 0.04858804200011946s: {'entrega_id': 76, 'status': 'ENTREGADA', 'timestamp': '2025-09-07T18:08:03.486371', 'worker': 'logistica_worker', 'retry_count': 1, 'detalles': {'validado': True, 'costo_calculado': 150.0, 'tiempo_estimado': '2-3 días hábiles'}}
[2025-09-07 18:08:03,488: INFO/MainProcess] Task logistica.procesar_entrega[acc54cfb-7d0a-4757-9f8c-fcd2399d97fc] received
[2025-09-07 18:08:03,489: WARNING/ForkPoolWorker-2] 🚚 [LOGISTICA] Procesando entrega 86 con estado ENTREGADA (retry: 0)
[2025-09-07 18:08:03,637: WARNING/ForkPoolWorker-7] 🔄 [LOGISTICA] Reintentando entrega 75 (intento 1/3)
[2025-09-07 18:08:03,643: WARNING/ForkPoolWorker-7] ✅ [LOGISTICA] Reintento enviado para entrega 75
[2025-09-07 18:08:03,644: INFO/ForkPoolWorker-7] Task logistica.procesar_entrega[56a92029-fd1c-455b-a7a3-260dcb94e983] succeeded in 2.277213209000138s: {'entrega_id': 75, 'status': 'PENDING_SYSTEM_CONFIRMATION', 'timestamp': '2025-09-07T18:08:02.634697', 'worker': 'logistica_worker', 'retry_count': 0, 'message': 'Sistema temporalmente no disponible, reintentando automáticamente...', 'retry_info': {'entrega_id': 75, 'status': 'RETRY_SUBMITTED', 'timestamp': '2025-09-07T18:08:03.643934', 'retry_count': 1, 'task_id': '9b8ea2c5-25bc-4d4b-8a52-f8dd39fe24cd', 'original_response': {'message': 'Tarea de reintento enviada', 'entrega_id': 75, 'estado': 'reintento', 'retry_count': 1, 'timestamp': '2025-09-07T18:08:03.642857', 'task_id': '9b8ea2c5-25bc-4d4b-8a52-f8dd39fe24cd', 'task_name': 'logistica.procesar_entrega', 'status': 'PENDING', 'queue': 'logistica', 'args': [...], 'kwargs': {...}}}}
[2025-09-07 18:08:03,646: INFO/MainProcess] Task logistica.procesar_entrega[b99788c3-da6f-414b-8a84-80f1e791bb87] received
[2025-09-07 18:08:03,647: WARNING/ForkPoolWorker-7] 🚚 [LOGISTICA] Procesando entrega 87 con estado ENTREGADA (retry: 0)
[2025-09-07 18:08:03,784: WARNING/ForkPoolWorker-5] ✅ [LOGISTICA] Entrega 64 procesada exitosamente
[2025-09-07 18:08:03,785: INFO/ForkPoolWorker-5] Task logistica.procesar_entrega[b06ce802-e487-477d-9215-8cf2db05a636] succeeded in 1.1307777499998792s: {'entrega_id': 64, 'status': 'ENTREGADA', 'timestamp': '2025-09-07T18:08:03.784683', 'worker': 'logistica_worker', 'retry_count': 1, 'detalles': {'validado': True, 'costo_calculado': 150.0, 'tiempo_estimado': '2-3 días hábiles'}}
[2025-09-07 18:08:03,787: INFO/MainProcess] Task logistica.procesar_entrega[dcbcfd56-f26f-4d17-97fe-5b24e410cb79] received
[2025-09-07 18:08:03,789: WARNING/ForkPoolWorker-5] 🚚 [LOGISTICA] Procesando entrega 70 con estado ENTREGADA (retry: 1)
[2025-09-07 18:08:03,850: WARNING/ForkPoolWorker-9] ✅ [LOGISTICA] Entrega 84 procesada exitosamente
[2025-09-07 18:08:03,852: INFO/ForkPoolWorker-9] Task logistica.procesar_entrega[d1467c30-c905-49bb-897b-de102a6ec458] succeeded in 0.6024652499997956s: {'entrega_id': 84, 'status': 'ENTREGADA', 'timestamp': '2025-09-07T18:08:03.850267', 'worker': 'logistica_worker', 'retry_count': 0, 'detalles': {'validado': True, 'costo_calculado': 150.0, 'tiempo_estimado': '2-3 días hábiles'}}
[2025-09-07 18:08:03,856: INFO/MainProcess] Task logistica.procesar_entrega[aedad6a2-ee9d-4c26-8b1f-4fca5fd133a6] received
[2025-09-07 18:08:03,859: WARNING/ForkPoolWorker-9] 🚚 [LOGISTICA] Procesando entrega 88 con estado ENTREGADA (retry: 0)
[2025-09-07 18:08:03,926: WARNING/ForkPoolWorker-3] 🔄 [LOGISTICA] Reintentando entrega 80 (intento 1/3)
[2025-09-07 18:08:03,944: WARNING/ForkPoolWorker-3] ✅ [LOGISTICA] Reintento enviado para entrega 80
[2025-09-07 18:08:03,946: INFO/ForkPoolWorker-3] Task logistica.procesar_entrega[eb974452-854b-47c1-8460-d3b9626ae82a] succeeded in 1.5354172089998883s: {'entrega_id': 80, 'status': 'PENDING_SYSTEM_CONFIRMATION', 'timestamp': '2025-09-07T18:08:02.924190', 'worker': 'logistica_worker', 'retry_count': 0, 'message': 'Sistema temporalmente no disponible, reintentando automáticamente...', 'retry_info': {'entrega_id': 80, 'status': 'RETRY_SUBMITTED', 'timestamp': '2025-09-07T18:08:03.944723', 'retry_count': 1, 'task_id': '4c4fe849-16ac-47aa-a16c-01eb1e187210', 'original_response': {'message': 'Tarea de reintento enviada', 'entrega_id': 80, 'estado': 'reintento', 'retry_count': 1, 'timestamp': '2025-09-07T18:08:03.941564', 'task_id': '4c4fe849-16ac-47aa-a16c-01eb1e187210', 'task_name': 'logistica.procesar_entrega', 'status': 'PENDING', 'queue': 'logistica', 'args': [...], 'kwargs': {...}}}}
[2025-09-07 18:08:03,949: INFO/MainProcess] Task logistica.procesar_entrega[43a77e32-a967-4d15-a13d-578b36c2b511] received
[2025-09-07 18:08:03,951: WARNING/ForkPoolWorker-3] 🚚 [LOGISTICA] Procesando entrega 89 con estado ENTREGADA (retry: 0)
[2025-09-07 18:08:03,972: WARNING/ForkPoolWorker-6] ⚠️ [LOGISTICA] Sistema no disponible para entrega 85
[2025-09-07 18:08:04,030: WARNING/ForkPoolWorker-1] ✅ [LOGISTICA] Entrega 69 procesada exitosamente
[2025-09-07 18:08:04,031: INFO/ForkPoolWorker-1] Task logistica.procesar_entrega[77904b2e-9a72-4811-bdd0-dc7b60d81ffe] succeeded in 0.783990958000004s: {'entrega_id': 69, 'status': 'ENTREGADA', 'timestamp': '2025-09-07T18:08:04.029953', 'worker': 'logistica_worker', 'retry_count': 1, 'detalles': {'validado': True, 'costo_calculado': 150.0, 'tiempo_estimado': '2-3 días hábiles'}}
[2025-09-07 18:08:04,035: INFO/MainProcess] Task logistica.procesar_entrega[0c4c04cf-a005-4522-8687-751e8359ad5b] received
[2025-09-07 18:08:04,038: WARNING/ForkPoolWorker-1] 🚚 [LOGISTICA] Procesando entrega 90 con estado PENDING_SYSTEM_CONFIRMATION (retry: 0)
[2025-09-07 18:08:04,331: WARNING/ForkPoolWorker-10] 🔄 [LOGISTICA] Reintentando entrega 83 (intento 1/3)
[2025-09-07 18:08:04,335: WARNING/ForkPoolWorker-10] ✅ [LOGISTICA] Reintento enviado para entrega 83
[2025-09-07 18:08:04,336: INFO/ForkPoolWorker-10] Task logistica.procesar_entrega[4d77d5a6-e4ca-4620-8b75-fcb4e4ac101f] succeeded in 1.2380029169999034s: {'entrega_id': 83, 'status': 'PENDING_SYSTEM_CONFIRMATION', 'timestamp': '2025-09-07T18:08:03.329310', 'worker': 'logistica_worker', 'retry_count': 0, 'message': 'Sistema temporalmente no disponible, reintentando automáticamente...', 'retry_info': {'entrega_id': 83, 'status': 'RETRY_SUBMITTED', 'timestamp': '2025-09-07T18:08:04.335912', 'retry_count': 1, 'task_id': 'ffbb0aa6-5fc3-41e2-94f8-b50065a44868', 'original_response': {'message': 'Tarea de reintento enviada', 'entrega_id': 83, 'estado': 'reintento', 'retry_count': 1, 'timestamp': '2025-09-07T18:08:04.335159', 'task_id': 'ffbb0aa6-5fc3-41e2-94f8-b50065a44868', 'task_name': 'logistica.procesar_entrega', 'status': 'PENDING', 'queue': 'logistica', 'args': [...], 'kwargs': {...}}}}
[2025-09-07 18:08:04,337: INFO/MainProcess] Task logistica.procesar_entrega[259c6dcc-ba1d-4be8-bf0d-6c9943ee0b7c] received
[2025-09-07 18:08:04,338: WARNING/ForkPoolWorker-10] 🚚 [LOGISTICA] Procesando entrega 78 con estado ENTREGADA (retry: 1)
[2025-09-07 18:08:04,466: WARNING/ForkPoolWorker-4] ⚠️ [LOGISTICA] Sistema no disponible para entrega 82
[2025-09-07 18:08:04,636: WARNING/ForkPoolWorker-8] ✅ [LOGISTICA] Entrega 81 procesada exitosamente
[2025-09-07 18:08:04,640: INFO/ForkPoolWorker-8] Task logistica.procesar_entrega[012955da-6a71-4aa8-80e1-d5b4192386b9] succeeded in 1.7079644180000741s: {'entrega_id': 81, 'status': 'ENTREGADA', 'timestamp': '2025-09-07T18:08:04.636806', 'worker': 'logistica_worker', 'retry_count': 0, 'detalles': {'validado': True, 'costo_calculado': 150.0, 'tiempo_estimado': '2-3 días hábiles'}}
[2025-09-07 18:08:04,644: INFO/MainProcess] Task logistica.procesar_entrega[b104f33e-e334-41f3-852c-7913c4126d75] received
[2025-09-07 18:08:04,647: WARNING/ForkPoolWorker-8] 🚚 [LOGISTICA] Procesando entrega 91 con estado ENTREGADA (retry: 0)
[2025-09-07 18:08:04,786: WARNING/ForkPoolWorker-10] ✅ [LOGISTICA] Entrega 78 procesada exitosamente
[2025-09-07 18:08:04,787: INFO/ForkPoolWorker-10] Task logistica.procesar_entrega[259c6dcc-ba1d-4be8-bf0d-6c9943ee0b7c] succeeded in 0.44925545799992506s: {'entrega_id': 78, 'status': 'ENTREGADA', 'timestamp': '2025-09-07T18:08:04.786280', 'worker': 'logistica_worker', 'retry_count': 1, 'detalles': {'validado': True, 'costo_calculado': 150.0, 'tiempo_estimado': '2-3 días hábiles'}}
[2025-09-07 18:08:04,788: INFO/MainProcess] Task logistica.procesar_entrega[b5cbd6cf-bad5-43df-ac2b-c545235d7a9e] received
[2025-09-07 18:08:04,789: WARNING/ForkPoolWorker-10] 🚚 [LOGISTICA] Procesando entrega 79 con estado ENTREGADA (retry: 1)
[2025-09-07 18:08:04,906: WARNING/ForkPoolWorker-2] ✅ [LOGISTICA] Entrega 86 procesada exitosamente
[2025-09-07 18:08:04,907: INFO/ForkPoolWorker-2] Task logistica.procesar_entrega[acc54cfb-7d0a-4757-9f8c-fcd2399d97fc] succeeded in 1.419014167000114s: {'entrega_id': 86, 'status': 'ENTREGADA', 'timestamp': '2025-09-07T18:08:04.905881', 'worker': 'logistica_worker', 'retry_count': 0, 'detalles': {'validado': True, 'costo_calculado': 150.0, 'tiempo_estimado': '2-3 días hábiles'}}
[2025-09-07 18:08:04,909: INFO/MainProcess] Task logistica.procesar_entrega[3d56b55c-f031-4c03-98f3-043d5bb0bdd8] received
[2025-09-07 18:08:04,910: WARNING/ForkPoolWorker-2] 🚚 [LOGISTICA] Procesando entrega 92 con estado PENDING_SYSTEM_CONFIRMATION (retry: 0)
[2025-09-07 18:08:04,914: WARNING/ForkPoolWorker-5] ✅ [LOGISTICA] Entrega 70 procesada exitosamente
[2025-09-07 18:08:04,915: INFO/ForkPoolWorker-5] Task logistica.procesar_entrega[dcbcfd56-f26f-4d17-97fe-5b24e410cb79] succeeded in 1.1270417089999683s: {'entrega_id': 70, 'status': 'ENTREGADA', 'timestamp': '2025-09-07T18:08:04.914497', 'worker': 'logistica_worker', 'retry_count': 1, 'detalles': {'validado': True, 'costo_calculado': 150.0, 'tiempo_estimado': '2-3 días hábiles'}}
[2025-09-07 18:08:04,916: INFO/MainProcess] Task logistica.procesar_entrega[9b8ea2c5-25bc-4d4b-8a52-f8dd39fe24cd] received
[2025-09-07 18:08:04,917: WARNING/ForkPoolWorker-5] 🚚 [LOGISTICA] Procesando entrega 75 con estado ENTREGADA (retry: 1)
[2025-09-07 18:08:04,976: WARNING/ForkPoolWorker-6] 🔄 [LOGISTICA] Reintentando entrega 85 (intento 1/3)
[2025-09-07 18:08:04,989: WARNING/ForkPoolWorker-6] ✅ [LOGISTICA] Reintento enviado para entrega 85
[2025-09-07 18:08:04,991: INFO/ForkPoolWorker-6] Task logistica.procesar_entrega[2e65c7d6-8a72-4063-9b91-7aa9b42cc7ed] succeeded in 1.5657892090000587s: {'entrega_id': 85, 'status': 'PENDING_SYSTEM_CONFIRMATION', 'timestamp': '2025-09-07T18:08:03.972328', 'worker': 'logistica_worker', 'retry_count': 0, 'message': 'Sistema temporalmente no disponible, reintentando automáticamente...', 'retry_info': {'entrega_id': 85, 'status': 'RETRY_SUBMITTED', 'timestamp': '2025-09-07T18:08:04.989882', 'retry_count': 1, 'task_id': 'fe30e5e4-6427-47b0-8228-04685e0eb17d', 'original_response': {'message': 'Tarea de reintento enviada', 'entrega_id': 85, 'estado': 'reintento', 'retry_count': 1, 'timestamp': '2025-09-07T18:08:04.987607', 'task_id': 'fe30e5e4-6427-47b0-8228-04685e0eb17d', 'task_name': 'logistica.procesar_entrega', 'status': 'PENDING', 'queue': 'logistica', 'args': [...], 'kwargs': {...}}}}
[2025-09-07 18:08:04,993: INFO/MainProcess] Task logistica.procesar_entrega[fc265f50-41da-45c9-a07e-df31c35f3f98] received
[2025-09-07 18:08:04,995: WARNING/ForkPoolWorker-6] 🚚 [LOGISTICA] Procesando entrega 93 con estado ENTREGADA (retry: 0)
[2025-09-07 18:08:05,291: WARNING/ForkPoolWorker-7] ✅ [LOGISTICA] Entrega 87 procesada exitosamente
[2025-09-07 18:08:05,297: INFO/ForkPoolWorker-7] Task logistica.procesar_entrega[b99788c3-da6f-414b-8a84-80f1e791bb87] succeeded in 1.6507945419998578s: {'entrega_id': 87, 'status': 'ENTREGADA', 'timestamp': '2025-09-07T18:08:05.291659', 'worker': 'logistica_worker', 'retry_count': 0, 'detalles': {'validado': True, 'costo_calculado': 150.0, 'tiempo_estimado': '2-3 días hábiles'}}
[2025-09-07 18:08:05,304: INFO/MainProcess] Task logistica.procesar_entrega[4c4fe849-16ac-47aa-a16c-01eb1e187210] received
[2025-09-07 18:08:05,308: WARNING/ForkPoolWorker-7] 🚚 [LOGISTICA] Procesando entrega 80 con estado ENTREGADA (retry: 1)
[2025-09-07 18:08:05,382: WARNING/ForkPoolWorker-3] ✅ [LOGISTICA] Entrega 89 procesada exitosamente
[2025-09-07 18:08:05,383: INFO/ForkPoolWorker-3] Task logistica.procesar_entrega[43a77e32-a967-4d15-a13d-578b36c2b511] succeeded in 1.432513168000014s: {'entrega_id': 89, 'status': 'ENTREGADA', 'timestamp': '2025-09-07T18:08:05.382380', 'worker': 'logistica_worker', 'retry_count': 0, 'detalles': {'validado': True, 'costo_calculado': 150.0, 'tiempo_estimado': '2-3 días hábiles'}}
[2025-09-07 18:08:05,385: INFO/MainProcess] Task logistica.procesar_entrega[ae70ea15-5336-4f50-acb4-a4410dbb841e] received
[2025-09-07 18:08:05,386: WARNING/ForkPoolWorker-3] 🚚 [LOGISTICA] Procesando entrega 94 con estado ENTREGADA (retry: 0)
[2025-09-07 18:08:05,445: WARNING/ForkPoolWorker-9] ✅ [LOGISTICA] Entrega 88 procesada exitosamente
[2025-09-07 18:08:05,447: INFO/ForkPoolWorker-9] Task logistica.procesar_entrega[aedad6a2-ee9d-4c26-8b1f-4fca5fd133a6] succeeded in 1.5889362499999606s: {'entrega_id': 88, 'status': 'ENTREGADA', 'timestamp': '2025-09-07T18:08:05.445175', 'worker': 'logistica_worker', 'retry_count': 0, 'detalles': {'validado': True, 'costo_calculado': 150.0, 'tiempo_estimado': '2-3 días hábiles'}}
[2025-09-07 18:08:05,450: INFO/MainProcess] Task logistica.procesar_entrega[ddc8e261-e422-476a-a39b-6625b0bb2281] received
[2025-09-07 18:08:05,453: WARNING/ForkPoolWorker-9] 🚚 [LOGISTICA] Procesando entrega 95 con estado PENDING_SYSTEM_CONFIRMATION (retry: 0)
[2025-09-07 18:08:05,467: WARNING/ForkPoolWorker-4] 🔄 [LOGISTICA] Reintentando entrega 82 (intento 1/3)
[2025-09-07 18:08:05,481: WARNING/ForkPoolWorker-4] ✅ [LOGISTICA] Reintento enviado para entrega 82
